com/gwidgets/client/event/LoginEvent.class
com/gwidgets/client/ClientFactoryImpl.class
com/gwidgets/client/ClientFactory.class
com/gwidgets/client/views/MainPageView.class
com/gwidgets/client/placesAndactivities/MainPagePlace$Tokenizer.class
com/gwidgets/client/views/MainPageView$2.class
com/gwidgets/client/MyHistoryMapper.class
com/gwidgets/client/placesAndactivities/MainPageActivity.class
com/gwidgets/client/views/MainPageView$3.class
com/gwidgets/client/placesAndactivities/MainPageActivity$1.class
com/gwidgets/client/MVPexample.class
com/gwidgets/client/placesAndactivities/UserSelectPlace$Tokenizer.class
com/gwidgets/client/placesAndactivities/UserSelectPlace.class
com/gwidgets/client/placesAndactivities/LoginPlace$Tokenizer.class
com/gwidgets/client/placesAndactivities/LoginActivity.class
com/gwidgets/client/event/LogoutEventHandler.class
com/gwidgets/client/views/MainPageView$1.class
com/gwidgets/client/views/MainPageView$Presenter.class
com/gwidgets/client/MyActivityMapper.class
com/gwidgets/client/event/LogoutEvent.class
com/gwidgets/client/views/LoginView$Presenter.class
com/gwidgets/client/views/LoginView.class
com/gwidgets/client/placesAndactivities/LoginActivity$1.class
com/gwidgets/client/placesAndactivities/MainPageActivity$2.class
com/gwidgets/client/placesAndactivities/MainPagePlace.class
com/gwidgets/client/event/LoginEventHandler.class
com/gwidgets/client/placesAndactivities/LoginPlace.class
